00:02.297  cycles           | WARNING HIPEW initialization failed: Error opening HIP dynamic library
00:24.328  render           | Saved: 'C:\idrive -carlo\Cloud-Drive_carloboul57@gmail.com\Cloud-Drive\Full\TBM\my-live-website\assets\tbm-cinematic-v9\reveal-desktop\frame_0001.webp'
00:41.140  render           | Saved: 'C:\idrive -carlo\Cloud-Drive_carloboul57@gmail.com\Cloud-Drive\Full\TBM\my-live-website\assets\tbm-cinematic-v9\reveal-desktop\frame_0002.webp'
00:57.984  render           | Saved: 'C:\idrive -carlo\Cloud-Drive_carloboul57@gmail.com\Cloud-Drive\Full\TBM\my-live-website\assets\tbm-cinematic-v9\reveal-desktop\frame_0003.webp'
01:15.140  render           | Saved: 'C:\idrive -carlo\Cloud-Drive_carloboul57@gmail.com\Cloud-Drive\Full\TBM\my-live-website\assets\tbm-cinematic-v9\reveal-desktop\frame_0004.webp'
01:32.812  render           | Saved: 'C:\idrive -carlo\Cloud-Drive_carloboul57@gmail.com\Cloud-Drive\Full\TBM\my-live-website\assets\tbm-cinematic-v9\reveal-desktop\frame_0005.webp'
01:50.500  render           | Saved: 'C:\idrive -carlo\Cloud-Drive_carloboul57@gmail.com\Cloud-Drive\Full\TBM\my-live-website\assets\tbm-cinematic-v9\reveal-desktop\frame_0006.webp'
02:08.312  render           | Saved: 'C:\idrive -carlo\Cloud-Drive_carloboul57@gmail.com\Cloud-Drive\Full\TBM\my-live-website\assets\tbm-cinematic-v9\reveal-desktop\frame_0007.webp'
02:26.265  render           | Saved: 'C:\idrive -carlo\Cloud-Drive_carloboul57@gmail.com\Cloud-Drive\Full\TBM\my-live-website\assets\tbm-cinematic-v9\reveal-desktop\frame_0008.webp'
02:44.469  render           | Saved: 'C:\idrive -carlo\Cloud-Drive_carloboul57@gmail.com\Cloud-Drive\Full\TBM\my-live-website\assets\tbm-cinematic-v9\reveal-desktop\frame_0009.webp'
03:02.922  render           | Saved: 'C:\idrive -carlo\Cloud-Drive_carloboul57@gmail.com\Cloud-Drive\Full\TBM\my-live-website\assets\tbm-cinematic-v9\reveal-desktop\frame_0010.webp'
03:22.594  render           | Saved: 'C:\idrive -carlo\Cloud-Drive_carloboul57@gmail.com\Cloud-Drive\Full\TBM\my-live-website\assets\tbm-cinematic-v9\reveal-desktop\frame_0011.webp'
03:42.250  render           | Saved: 'C:\idrive -carlo\Cloud-Drive_carloboul57@gmail.com\Cloud-Drive\Full\TBM\my-live-website\assets\tbm-cinematic-v9\reveal-desktop\frame_0012.webp'
04:01.234  render           | Saved: 'C:\idrive -carlo\Cloud-Drive_carloboul57@gmail.com\Cloud-Drive\Full\TBM\my-live-website\assets\tbm-cinematic-v9\reveal-desktop\frame_0013.webp'
04:20.484  render           | Saved: 'C:\idrive -carlo\Cloud-Drive_carloboul57@gmail.com\Cloud-Drive\Full\TBM\my-live-website\assets\tbm-cinematic-v9\reveal-desktop\frame_0014.webp'
04:39.656  render           | Saved: 'C:\idrive -carlo\Cloud-Drive_carloboul57@gmail.com\Cloud-Drive\Full\TBM\my-live-website\assets\tbm-cinematic-v9\reveal-desktop\frame_0015.webp'
04:58.703  render           | Saved: 'C:\idrive -carlo\Cloud-Drive_carloboul57@gmail.com\Cloud-Drive\Full\TBM\my-live-website\assets\tbm-cinematic-v9\reveal-desktop\frame_0016.webp'
05:17.890  render           | Saved: 'C:\idrive -carlo\Cloud-Drive_carloboul57@gmail.com\Cloud-Drive\Full\TBM\my-live-website\assets\tbm-cinematic-v9\reveal-desktop\frame_0017.webp'
05:36.953  render           | Saved: 'C:\idrive -carlo\Cloud-Drive_carloboul57@gmail.com\Cloud-Drive\Full\TBM\my-live-website\assets\tbm-cinematic-v9\reveal-desktop\frame_0018.webp'
05:55.922  render           | Saved: 'C:\idrive -carlo\Cloud-Drive_carloboul57@gmail.com\Cloud-Drive\Full\TBM\my-live-website\assets\tbm-cinematic-v9\reveal-desktop\frame_0019.webp'
06:15.328  render           | Saved: 'C:\idrive -carlo\Cloud-Drive_carloboul57@gmail.com\Cloud-Drive\Full\TBM\my-live-website\assets\tbm-cinematic-v9\reveal-desktop\frame_0020.webp'
06:34.484  render           | Saved: 'C:\idrive -carlo\Cloud-Drive_carloboul57@gmail.com\Cloud-Drive\Full\TBM\my-live-website\assets\tbm-cinematic-v9\reveal-desktop\frame_0021.webp'
06:54.109  render           | Saved: 'C:\idrive -carlo\Cloud-Drive_carloboul57@gmail.com\Cloud-Drive\Full\TBM\my-live-website\assets\tbm-cinematic-v9\reveal-desktop\frame_0022.webp'
07:14.219  render           | Saved: 'C:\idrive -carlo\Cloud-Drive_carloboul57@gmail.com\Cloud-Drive\Full\TBM\my-live-website\assets\tbm-cinematic-v9\reveal-desktop\frame_0023.webp'
07:34.094  render           | Saved: 'C:\idrive -carlo\Cloud-Drive_carloboul57@gmail.com\Cloud-Drive\Full\TBM\my-live-website\assets\tbm-cinematic-v9\reveal-desktop\frame_0024.webp'
07:55.000  render           | Saved: 'C:\idrive -carlo\Cloud-Drive_carloboul57@gmail.com\Cloud-Drive\Full\TBM\my-live-website\assets\tbm-cinematic-v9\reveal-desktop\frame_0025.webp'
08:15.156  render           | Saved: 'C:\idrive -carlo\Cloud-Drive_carloboul57@gmail.com\Cloud-Drive\Full\TBM\my-live-website\assets\tbm-cinematic-v9\reveal-desktop\frame_0026.webp'
08:34.875  render           | Saved: 'C:\idrive -carlo\Cloud-Drive_carloboul57@gmail.com\Cloud-Drive\Full\TBM\my-live-website\assets\tbm-cinematic-v9\reveal-desktop\frame_0027.webp'
08:55.109  render           | Saved: 'C:\idrive -carlo\Cloud-Drive_carloboul57@gmail.com\Cloud-Drive\Full\TBM\my-live-website\assets\tbm-cinematic-v9\reveal-desktop\frame_0028.webp'
09:14.562  render           | Saved: 'C:\idrive -carlo\Cloud-Drive_carloboul57@gmail.com\Cloud-Drive\Full\TBM\my-live-website\assets\tbm-cinematic-v9\reveal-desktop\frame_0029.webp'
09:34.265  render           | Saved: 'C:\idrive -carlo\Cloud-Drive_carloboul57@gmail.com\Cloud-Drive\Full\TBM\my-live-website\assets\tbm-cinematic-v9\reveal-desktop\frame_0030.webp'
09:58.594  render           | Saved: 'C:\idrive -carlo\Cloud-Drive_carloboul57@gmail.com\Cloud-Drive\Full\TBM\my-live-website\assets\tbm-cinematic-v9\reveal-desktop\frame_0031.webp'
10:27.390  render           | Saved: 'C:\idrive -carlo\Cloud-Drive_carloboul57@gmail.com\Cloud-Drive\Full\TBM\my-live-website\assets\tbm-cinematic-v9\reveal-desktop\frame_0032.webp'
10:55.922  render           | Saved: 'C:\idrive -carlo\Cloud-Drive_carloboul57@gmail.com\Cloud-Drive\Full\TBM\my-live-website\assets\tbm-cinematic-v9\reveal-desktop\frame_0033.webp'
11:22.953  render           | Saved: 'C:\idrive -carlo\Cloud-Drive_carloboul57@gmail.com\Cloud-Drive\Full\TBM\my-live-website\assets\tbm-cinematic-v9\reveal-desktop\frame_0034.webp'
11:50.484  render           | Saved: 'C:\idrive -carlo\Cloud-Drive_carloboul57@gmail.com\Cloud-Drive\Full\TBM\my-live-website\assets\tbm-cinematic-v9\reveal-desktop\frame_0035.webp'
12:17.672  render           | Saved: 'C:\idrive -carlo\Cloud-Drive_carloboul57@gmail.com\Cloud-Drive\Full\TBM\my-live-website\assets\tbm-cinematic-v9\reveal-desktop\frame_0036.webp'
12:44.734  render           | Saved: 'C:\idrive -carlo\Cloud-Drive_carloboul57@gmail.com\Cloud-Drive\Full\TBM\my-live-website\assets\tbm-cinematic-v9\reveal-desktop\frame_0037.webp'
13:12.500  render           | Saved: 'C:\idrive -carlo\Cloud-Drive_carloboul57@gmail.com\Cloud-Drive\Full\TBM\my-live-website\assets\tbm-cinematic-v9\reveal-desktop\frame_0038.webp'
13:38.906  render           | Saved: 'C:\idrive -carlo\Cloud-Drive_carloboul57@gmail.com\Cloud-Drive\Full\TBM\my-live-website\assets\tbm-cinematic-v9\reveal-desktop\frame_0039.webp'
14:07.125  render           | Saved: 'C:\idrive -carlo\Cloud-Drive_carloboul57@gmail.com\Cloud-Drive\Full\TBM\my-live-website\assets\tbm-cinematic-v9\reveal-desktop\frame_0040.webp'
14:34.812  render           | Saved: 'C:\idrive -carlo\Cloud-Drive_carloboul57@gmail.com\Cloud-Drive\Full\TBM\my-live-website\assets\tbm-cinematic-v9\reveal-desktop\frame_0041.webp'
15:02.812  render           | Saved: 'C:\idrive -carlo\Cloud-Drive_carloboul57@gmail.com\Cloud-Drive\Full\TBM\my-live-website\assets\tbm-cinematic-v9\reveal-desktop\frame_0042.webp'
15:30.437  render           | Saved: 'C:\idrive -carlo\Cloud-Drive_carloboul57@gmail.com\Cloud-Drive\Full\TBM\my-live-website\assets\tbm-cinematic-v9\reveal-desktop\frame_0043.webp'
15:56.203  render           | Saved: 'C:\idrive -carlo\Cloud-Drive_carloboul57@gmail.com\Cloud-Drive\Full\TBM\my-live-website\assets\tbm-cinematic-v9\reveal-desktop\frame_0044.webp'
16:21.453  render           | Saved: 'C:\idrive -carlo\Cloud-Drive_carloboul57@gmail.com\Cloud-Drive\Full\TBM\my-live-website\assets\tbm-cinematic-v9\reveal-desktop\frame_0045.webp'
16:49.062  render           | Saved: 'C:\idrive -carlo\Cloud-Drive_carloboul57@gmail.com\Cloud-Drive\Full\TBM\my-live-website\assets\tbm-cinematic-v9\reveal-desktop\frame_0046.webp'
17:16.297  render           | Saved: 'C:\idrive -carlo\Cloud-Drive_carloboul57@gmail.com\Cloud-Drive\Full\TBM\my-live-website\assets\tbm-cinematic-v9\reveal-desktop\frame_0047.webp'
17:44.687  render           | Saved: 'C:\idrive -carlo\Cloud-Drive_carloboul57@gmail.com\Cloud-Drive\Full\TBM\my-live-website\assets\tbm-cinematic-v9\reveal-desktop\frame_0048.webp'
18:12.844  render           | Saved: 'C:\idrive -carlo\Cloud-Drive_carloboul57@gmail.com\Cloud-Drive\Full\TBM\my-live-website\assets\tbm-cinematic-v9\reveal-desktop\frame_0049.webp'
18:39.719  render           | Saved: 'C:\idrive -carlo\Cloud-Drive_carloboul57@gmail.com\Cloud-Drive\Full\TBM\my-live-website\assets\tbm-cinematic-v9\reveal-desktop\frame_0050.webp'
19:07.422  render           | Saved: 'C:\idrive -carlo\Cloud-Drive_carloboul57@gmail.com\Cloud-Drive\Full\TBM\my-live-website\assets\tbm-cinematic-v9\reveal-desktop\frame_0051.webp'
19:35.109  render           | Saved: 'C:\idrive -carlo\Cloud-Drive_carloboul57@gmail.com\Cloud-Drive\Full\TBM\my-live-website\assets\tbm-cinematic-v9\reveal-desktop\frame_0052.webp'
20:03.047  render           | Saved: 'C:\idrive -carlo\Cloud-Drive_carloboul57@gmail.com\Cloud-Drive\Full\TBM\my-live-website\assets\tbm-cinematic-v9\reveal-desktop\frame_0053.webp'
20:32.390  render           | Saved: 'C:\idrive -carlo\Cloud-Drive_carloboul57@gmail.com\Cloud-Drive\Full\TBM\my-live-website\assets\tbm-cinematic-v9\reveal-desktop\frame_0054.webp'
20:58.953  render           | Saved: 'C:\idrive -carlo\Cloud-Drive_carloboul57@gmail.com\Cloud-Drive\Full\TBM\my-live-website\assets\tbm-cinematic-v9\reveal-desktop\frame_0055.webp'
21:27.719  render           | Saved: 'C:\idrive -carlo\Cloud-Drive_carloboul57@gmail.com\Cloud-Drive\Full\TBM\my-live-website\assets\tbm-cinematic-v9\reveal-desktop\frame_0056.webp'
21:57.656  render           | Saved: 'C:\idrive -carlo\Cloud-Drive_carloboul57@gmail.com\Cloud-Drive\Full\TBM\my-live-website\assets\tbm-cinematic-v9\reveal-desktop\frame_0057.webp'
22:27.515  render           | Saved: 'C:\idrive -carlo\Cloud-Drive_carloboul57@gmail.com\Cloud-Drive\Full\TBM\my-live-website\assets\tbm-cinematic-v9\reveal-desktop\frame_0058.webp'
22:46.203  render           | Saved: 'C:\idrive -carlo\Cloud-Drive_carloboul57@gmail.com\Cloud-Drive\Full\TBM\my-live-website\assets\tbm-cinematic-v9\reveal-desktop\frame_0059.webp'
23:03.812  render           | Saved: 'C:\idrive -carlo\Cloud-Drive_carloboul57@gmail.com\Cloud-Drive\Full\TBM\my-live-website\assets\tbm-cinematic-v9\reveal-desktop\frame_0060.webp'
23:22.281  render           | Saved: 'C:\idrive -carlo\Cloud-Drive_carloboul57@gmail.com\Cloud-Drive\Full\TBM\my-live-website\assets\tbm-cinematic-v9\reveal-desktop\frame_0061.webp'
23:40.703  render           | Saved: 'C:\idrive -carlo\Cloud-Drive_carloboul57@gmail.com\Cloud-Drive\Full\TBM\my-live-website\assets\tbm-cinematic-v9\reveal-desktop\frame_0062.webp'
23:59.437  render           | Saved: 'C:\idrive -carlo\Cloud-Drive_carloboul57@gmail.com\Cloud-Drive\Full\TBM\my-live-website\assets\tbm-cinematic-v9\reveal-desktop\frame_0063.webp'
24:21.234  render           | Saved: 'C:\idrive -carlo\Cloud-Drive_carloboul57@gmail.com\Cloud-Drive\Full\TBM\my-live-website\assets\tbm-cinematic-v9\reveal-desktop\frame_0064.webp'
24:40.578  render           | Saved: 'C:\idrive -carlo\Cloud-Drive_carloboul57@gmail.com\Cloud-Drive\Full\TBM\my-live-website\assets\tbm-cinematic-v9\reveal-desktop\frame_0065.webp'
25:01.078  render           | Saved: 'C:\idrive -carlo\Cloud-Drive_carloboul57@gmail.com\Cloud-Drive\Full\TBM\my-live-website\assets\tbm-cinematic-v9\reveal-desktop\frame_0066.webp'
25:21.234  render           | Saved: 'C:\idrive -carlo\Cloud-Drive_carloboul57@gmail.com\Cloud-Drive\Full\TBM\my-live-website\assets\tbm-cinematic-v9\reveal-desktop\frame_0067.webp'
25:40.812  render           | Saved: 'C:\idrive -carlo\Cloud-Drive_carloboul57@gmail.com\Cloud-Drive\Full\TBM\my-live-website\assets\tbm-cinematic-v9\reveal-desktop\frame_0068.webp'
26:00.844  render           | Saved: 'C:\idrive -carlo\Cloud-Drive_carloboul57@gmail.com\Cloud-Drive\Full\TBM\my-live-website\assets\tbm-cinematic-v9\reveal-desktop\frame_0069.webp'
26:20.937  render           | Saved: 'C:\idrive -carlo\Cloud-Drive_carloboul57@gmail.com\Cloud-Drive\Full\TBM\my-live-website\assets\tbm-cinematic-v9\reveal-desktop\frame_0070.webp'
26:41.625  render           | Saved: 'C:\idrive -carlo\Cloud-Drive_carloboul57@gmail.com\Cloud-Drive\Full\TBM\my-live-website\assets\tbm-cinematic-v9\reveal-desktop\frame_0071.webp'
27:01.578  render           | Saved: 'C:\idrive -carlo\Cloud-Drive_carloboul57@gmail.com\Cloud-Drive\Full\TBM\my-live-website\assets\tbm-cinematic-v9\reveal-desktop\frame_0072.webp'
27:22.781  render           | Saved: 'C:\idrive -carlo\Cloud-Drive_carloboul57@gmail.com\Cloud-Drive\Full\TBM\my-live-website\assets\tbm-cinematic-v9\reveal-desktop\frame_0073.webp'
27:42.750  render           | Saved: 'C:\idrive -carlo\Cloud-Drive_carloboul57@gmail.com\Cloud-Drive\Full\TBM\my-live-website\assets\tbm-cinematic-v9\reveal-desktop\frame_0074.webp'
28:02.422  render           | Saved: 'C:\idrive -carlo\Cloud-Drive_carloboul57@gmail.com\Cloud-Drive\Full\TBM\my-live-website\assets\tbm-cinematic-v9\reveal-desktop\frame_0075.webp'
28:22.437  render           | Saved: 'C:\idrive -carlo\Cloud-Drive_carloboul57@gmail.com\Cloud-Drive\Full\TBM\my-live-website\assets\tbm-cinematic-v9\reveal-desktop\frame_0076.webp'
28:42.437  render           | Saved: 'C:\idrive -carlo\Cloud-Drive_carloboul57@gmail.com\Cloud-Drive\Full\TBM\my-live-website\assets\tbm-cinematic-v9\reveal-desktop\frame_0077.webp'
29:02.500  render           | Saved: 'C:\idrive -carlo\Cloud-Drive_carloboul57@gmail.com\Cloud-Drive\Full\TBM\my-live-website\assets\tbm-cinematic-v9\reveal-desktop\frame_0078.webp'
29:22.547  render           | Saved: 'C:\idrive -carlo\Cloud-Drive_carloboul57@gmail.com\Cloud-Drive\Full\TBM\my-live-website\assets\tbm-cinematic-v9\reveal-desktop\frame_0079.webp'
29:42.437  render           | Saved: 'C:\idrive -carlo\Cloud-Drive_carloboul57@gmail.com\Cloud-Drive\Full\TBM\my-live-website\assets\tbm-cinematic-v9\reveal-desktop\frame_0080.webp'
30:02.515  render           | Saved: 'C:\idrive -carlo\Cloud-Drive_carloboul57@gmail.com\Cloud-Drive\Full\TBM\my-live-website\assets\tbm-cinematic-v9\reveal-desktop\frame_0081.webp'
30:22.906  render           | Saved: 'C:\idrive -carlo\Cloud-Drive_carloboul57@gmail.com\Cloud-Drive\Full\TBM\my-live-website\assets\tbm-cinematic-v9\reveal-desktop\frame_0082.webp'
30:43.687  render           | Saved: 'C:\idrive -carlo\Cloud-Drive_carloboul57@gmail.com\Cloud-Drive\Full\TBM\my-live-website\assets\tbm-cinematic-v9\reveal-desktop\frame_0083.webp'
31:05.406  render           | Saved: 'C:\idrive -carlo\Cloud-Drive_carloboul57@gmail.com\Cloud-Drive\Full\TBM\my-live-website\assets\tbm-cinematic-v9\reveal-desktop\frame_0084.webp'
31:25.609  render           | Saved: 'C:\idrive -carlo\Cloud-Drive_carloboul57@gmail.com\Cloud-Drive\Full\TBM\my-live-website\assets\tbm-cinematic-v9\reveal-desktop\frame_0085.webp'
31:45.687  render           | Saved: 'C:\idrive -carlo\Cloud-Drive_carloboul57@gmail.com\Cloud-Drive\Full\TBM\my-live-website\assets\tbm-cinematic-v9\reveal-desktop\frame_0086.webp'
32:06.344  render           | Saved: 'C:\idrive -carlo\Cloud-Drive_carloboul57@gmail.com\Cloud-Drive\Full\TBM\my-live-website\assets\tbm-cinematic-v9\reveal-desktop\frame_0087.webp'
32:30.125  render           | Saved: 'C:\idrive -carlo\Cloud-Drive_carloboul57@gmail.com\Cloud-Drive\Full\TBM\my-live-website\assets\tbm-cinematic-v9\reveal-desktop\frame_0088.webp'
32:49.469  render           | Saved: 'C:\idrive -carlo\Cloud-Drive_carloboul57@gmail.com\Cloud-Drive\Full\TBM\my-live-website\assets\tbm-cinematic-v9\reveal-desktop\frame_0089.webp'
33:08.344  render           | Saved: 'C:\idrive -carlo\Cloud-Drive_carloboul57@gmail.com\Cloud-Drive\Full\TBM\my-live-website\assets\tbm-cinematic-v9\reveal-desktop\frame_0090.webp'
33:27.265  render           | Saved: 'C:\idrive -carlo\Cloud-Drive_carloboul57@gmail.com\Cloud-Drive\Full\TBM\my-live-website\assets\tbm-cinematic-v9\reveal-desktop\frame_0091.webp'
33:46.703  render           | Saved: 'C:\idrive -carlo\Cloud-Drive_carloboul57@gmail.com\Cloud-Drive\Full\TBM\my-live-website\assets\tbm-cinematic-v9\reveal-desktop\frame_0092.webp'
34:14.203  render           | Saved: 'C:\idrive -carlo\Cloud-Drive_carloboul57@gmail.com\Cloud-Drive\Full\TBM\my-live-website\assets\tbm-cinematic-v9\reveal-desktop\frame_0093.webp'
34:39.984  render           | Saved: 'C:\idrive -carlo\Cloud-Drive_carloboul57@gmail.com\Cloud-Drive\Full\TBM\my-live-website\assets\tbm-cinematic-v9\reveal-desktop\frame_0094.webp'
34:58.344  render           | Saved: 'C:\idrive -carlo\Cloud-Drive_carloboul57@gmail.com\Cloud-Drive\Full\TBM\my-live-website\assets\tbm-cinematic-v9\reveal-desktop\frame_0095.webp'
35:18.281  render           | Saved: 'C:\idrive -carlo\Cloud-Drive_carloboul57@gmail.com\Cloud-Drive\Full\TBM\my-live-website\assets\tbm-cinematic-v9\reveal-desktop\frame_0096.webp'
35:39.765  render           | Saved: 'C:\idrive -carlo\Cloud-Drive_carloboul57@gmail.com\Cloud-Drive\Full\TBM\my-live-website\assets\tbm-cinematic-v9\reveal-desktop\frame_0097.webp'
35:59.765  render           | Saved: 'C:\idrive -carlo\Cloud-Drive_carloboul57@gmail.com\Cloud-Drive\Full\TBM\my-live-website\assets\tbm-cinematic-v9\reveal-desktop\frame_0098.webp'
36:19.515  render           | Saved: 'C:\idrive -carlo\Cloud-Drive_carloboul57@gmail.com\Cloud-Drive\Full\TBM\my-live-website\assets\tbm-cinematic-v9\reveal-desktop\frame_0099.webp'
36:39.797  render           | Saved: 'C:\idrive -carlo\Cloud-Drive_carloboul57@gmail.com\Cloud-Drive\Full\TBM\my-live-website\assets\tbm-cinematic-v9\reveal-desktop\frame_0100.webp'
36:59.656  render           | Saved: 'C:\idrive -carlo\Cloud-Drive_carloboul57@gmail.com\Cloud-Drive\Full\TBM\my-live-website\assets\tbm-cinematic-v9\reveal-desktop\frame_0101.webp'
37:18.906  render           | Saved: 'C:\idrive -carlo\Cloud-Drive_carloboul57@gmail.com\Cloud-Drive\Full\TBM\my-live-website\assets\tbm-cinematic-v9\reveal-desktop\frame_0102.webp'
37:38.719  render           | Saved: 'C:\idrive -carlo\Cloud-Drive_carloboul57@gmail.com\Cloud-Drive\Full\TBM\my-live-website\assets\tbm-cinematic-v9\reveal-desktop\frame_0103.webp'
37:58.531  render           | Saved: 'C:\idrive -carlo\Cloud-Drive_carloboul57@gmail.com\Cloud-Drive\Full\TBM\my-live-website\assets\tbm-cinematic-v9\reveal-desktop\frame_0104.webp'
38:18.969  render           | Saved: 'C:\idrive -carlo\Cloud-Drive_carloboul57@gmail.com\Cloud-Drive\Full\TBM\my-live-website\assets\tbm-cinematic-v9\reveal-desktop\frame_0105.webp'
38:38.937  render           | Saved: 'C:\idrive -carlo\Cloud-Drive_carloboul57@gmail.com\Cloud-Drive\Full\TBM\my-live-website\assets\tbm-cinematic-v9\reveal-desktop\frame_0106.webp'
38:59.312  render           | Saved: 'C:\idrive -carlo\Cloud-Drive_carloboul57@gmail.com\Cloud-Drive\Full\TBM\my-live-website\assets\tbm-cinematic-v9\reveal-desktop\frame_0107.webp'
39:19.500  render           | Saved: 'C:\idrive -carlo\Cloud-Drive_carloboul57@gmail.com\Cloud-Drive\Full\TBM\my-live-website\assets\tbm-cinematic-v9\reveal-desktop\frame_0108.webp'
39:38.922  render           | Saved: 'C:\idrive -carlo\Cloud-Drive_carloboul57@gmail.com\Cloud-Drive\Full\TBM\my-live-website\assets\tbm-cinematic-v9\reveal-desktop\frame_0109.webp'
39:58.578  render           | Saved: 'C:\idrive -carlo\Cloud-Drive_carloboul57@gmail.com\Cloud-Drive\Full\TBM\my-live-website\assets\tbm-cinematic-v9\reveal-desktop\frame_0110.webp'
40:18.406  render           | Saved: 'C:\idrive -carlo\Cloud-Drive_carloboul57@gmail.com\Cloud-Drive\Full\TBM\my-live-website\assets\tbm-cinematic-v9\reveal-desktop\frame_0111.webp'
40:37.484  render           | Saved: 'C:\idrive -carlo\Cloud-Drive_carloboul57@gmail.com\Cloud-Drive\Full\TBM\my-live-website\assets\tbm-cinematic-v9\reveal-desktop\frame_0112.webp'
40:57.656  render           | Saved: 'C:\idrive -carlo\Cloud-Drive_carloboul57@gmail.com\Cloud-Drive\Full\TBM\my-live-website\assets\tbm-cinematic-v9\reveal-desktop\frame_0113.webp'
41:18.484  render           | Saved: 'C:\idrive -carlo\Cloud-Drive_carloboul57@gmail.com\Cloud-Drive\Full\TBM\my-live-website\assets\tbm-cinematic-v9\reveal-desktop\frame_0114.webp'
41:38.109  render           | Saved: 'C:\idrive -carlo\Cloud-Drive_carloboul57@gmail.com\Cloud-Drive\Full\TBM\my-live-website\assets\tbm-cinematic-v9\reveal-desktop\frame_0115.webp'
41:58.906  render           | Saved: 'C:\idrive -carlo\Cloud-Drive_carloboul57@gmail.com\Cloud-Drive\Full\TBM\my-live-website\assets\tbm-cinematic-v9\reveal-desktop\frame_0116.webp'
42:18.469  render           | Saved: 'C:\idrive -carlo\Cloud-Drive_carloboul57@gmail.com\Cloud-Drive\Full\TBM\my-live-website\assets\tbm-cinematic-v9\reveal-desktop\frame_0117.webp'
42:37.828  render           | Saved: 'C:\idrive -carlo\Cloud-Drive_carloboul57@gmail.com\Cloud-Drive\Full\TBM\my-live-website\assets\tbm-cinematic-v9\reveal-desktop\frame_0118.webp'
42:57.250  render           | Saved: 'C:\idrive -carlo\Cloud-Drive_carloboul57@gmail.com\Cloud-Drive\Full\TBM\my-live-website\assets\tbm-cinematic-v9\reveal-desktop\frame_0119.webp'
43:16.640  render           | Saved: 'C:\idrive -carlo\Cloud-Drive_carloboul57@gmail.com\Cloud-Drive\Full\TBM\my-live-website\assets\tbm-cinematic-v9\reveal-desktop\frame_0120.webp'
43:36.000  render           | Saved: 'C:\idrive -carlo\Cloud-Drive_carloboul57@gmail.com\Cloud-Drive\Full\TBM\my-live-website\assets\tbm-cinematic-v9\reveal-mobile\frame_0001.webp'
43:54.844  render           | Saved: 'C:\idrive -carlo\Cloud-Drive_carloboul57@gmail.com\Cloud-Drive\Full\TBM\my-live-website\assets\tbm-cinematic-v9\reveal-mobile\frame_0002.webp'
44:13.265  render           | Saved: 'C:\idrive -carlo\Cloud-Drive_carloboul57@gmail.com\Cloud-Drive\Full\TBM\my-live-website\assets\tbm-cinematic-v9\reveal-mobile\frame_0003.webp'
44:31.906  render           | Saved: 'C:\idrive -carlo\Cloud-Drive_carloboul57@gmail.com\Cloud-Drive\Full\TBM\my-live-website\assets\tbm-cinematic-v9\reveal-mobile\frame_0004.webp'
44:50.750  render           | Saved: 'C:\idrive -carlo\Cloud-Drive_carloboul57@gmail.com\Cloud-Drive\Full\TBM\my-live-website\assets\tbm-cinematic-v9\reveal-mobile\frame_0005.webp'
45:10.281  render           | Saved: 'C:\idrive -carlo\Cloud-Drive_carloboul57@gmail.com\Cloud-Drive\Full\TBM\my-live-website\assets\tbm-cinematic-v9\reveal-mobile\frame_0006.webp'
45:28.640  render           | Saved: 'C:\idrive -carlo\Cloud-Drive_carloboul57@gmail.com\Cloud-Drive\Full\TBM\my-live-website\assets\tbm-cinematic-v9\reveal-mobile\frame_0007.webp'
45:46.859  render           | Saved: 'C:\idrive -carlo\Cloud-Drive_carloboul57@gmail.com\Cloud-Drive\Full\TBM\my-live-website\assets\tbm-cinematic-v9\reveal-mobile\frame_0008.webp'
46:04.922  render           | Saved: 'C:\idrive -carlo\Cloud-Drive_carloboul57@gmail.com\Cloud-Drive\Full\TBM\my-live-website\assets\tbm-cinematic-v9\reveal-mobile\frame_0009.webp'
46:23.031  render           | Saved: 'C:\idrive -carlo\Cloud-Drive_carloboul57@gmail.com\Cloud-Drive\Full\TBM\my-live-website\assets\tbm-cinematic-v9\reveal-mobile\frame_0010.webp'
46:41.344  render           | Saved: 'C:\idrive -carlo\Cloud-Drive_carloboul57@gmail.com\Cloud-Drive\Full\TBM\my-live-website\assets\tbm-cinematic-v9\reveal-mobile\frame_0011.webp'
46:59.172  render           | Saved: 'C:\idrive -carlo\Cloud-Drive_carloboul57@gmail.com\Cloud-Drive\Full\TBM\my-live-website\assets\tbm-cinematic-v9\reveal-mobile\frame_0012.webp'
47:17.125  render           | Saved: 'C:\idrive -carlo\Cloud-Drive_carloboul57@gmail.com\Cloud-Drive\Full\TBM\my-live-website\assets\tbm-cinematic-v9\reveal-mobile\frame_0013.webp'
47:34.703  render           | Saved: 'C:\idrive -carlo\Cloud-Drive_carloboul57@gmail.com\Cloud-Drive\Full\TBM\my-live-website\assets\tbm-cinematic-v9\reveal-mobile\frame_0014.webp'
47:52.234  render           | Saved: 'C:\idrive -carlo\Cloud-Drive_carloboul57@gmail.com\Cloud-Drive\Full\TBM\my-live-website\assets\tbm-cinematic-v9\reveal-mobile\frame_0015.webp'
48:09.781  render           | Saved: 'C:\idrive -carlo\Cloud-Drive_carloboul57@gmail.com\Cloud-Drive\Full\TBM\my-live-website\assets\tbm-cinematic-v9\reveal-mobile\frame_0016.webp'
48:27.500  render           | Saved: 'C:\idrive -carlo\Cloud-Drive_carloboul57@gmail.com\Cloud-Drive\Full\TBM\my-live-website\assets\tbm-cinematic-v9\reveal-mobile\frame_0017.webp'
48:45.203  render           | Saved: 'C:\idrive -carlo\Cloud-Drive_carloboul57@gmail.com\Cloud-Drive\Full\TBM\my-live-website\assets\tbm-cinematic-v9\reveal-mobile\frame_0018.webp'
49:03.172  render           | Saved: 'C:\idrive -carlo\Cloud-Drive_carloboul57@gmail.com\Cloud-Drive\Full\TBM\my-live-website\assets\tbm-cinematic-v9\reveal-mobile\frame_0019.webp'
49:21.140  render           | Saved: 'C:\idrive -carlo\Cloud-Drive_carloboul57@gmail.com\Cloud-Drive\Full\TBM\my-live-website\assets\tbm-cinematic-v9\reveal-mobile\frame_0020.webp'
49:39.109  render           | Saved: 'C:\idrive -carlo\Cloud-Drive_carloboul57@gmail.com\Cloud-Drive\Full\TBM\my-live-website\assets\tbm-cinematic-v9\reveal-mobile\frame_0021.webp'
49:57.047  render           | Saved: 'C:\idrive -carlo\Cloud-Drive_carloboul57@gmail.com\Cloud-Drive\Full\TBM\my-live-website\assets\tbm-cinematic-v9\reveal-mobile\frame_0022.webp'
50:14.687  render           | Saved: 'C:\idrive -carlo\Cloud-Drive_carloboul57@gmail.com\Cloud-Drive\Full\TBM\my-live-website\assets\tbm-cinematic-v9\reveal-mobile\frame_0023.webp'
50:32.828  render           | Saved: 'C:\idrive -carlo\Cloud-Drive_carloboul57@gmail.com\Cloud-Drive\Full\TBM\my-live-website\assets\tbm-cinematic-v9\reveal-mobile\frame_0024.webp'
50:50.562  render           | Saved: 'C:\idrive -carlo\Cloud-Drive_carloboul57@gmail.com\Cloud-Drive\Full\TBM\my-live-website\assets\tbm-cinematic-v9\reveal-mobile\frame_0025.webp'
51:08.344  render           | Saved: 'C:\idrive -carlo\Cloud-Drive_carloboul57@gmail.com\Cloud-Drive\Full\TBM\my-live-website\assets\tbm-cinematic-v9\reveal-mobile\frame_0026.webp'
51:26.344  render           | Saved: 'C:\idrive -carlo\Cloud-Drive_carloboul57@gmail.com\Cloud-Drive\Full\TBM\my-live-website\assets\tbm-cinematic-v9\reveal-mobile\frame_0027.webp'
51:44.390  render           | Saved: 'C:\idrive -carlo\Cloud-Drive_carloboul57@gmail.com\Cloud-Drive\Full\TBM\my-live-website\assets\tbm-cinematic-v9\reveal-mobile\frame_0028.webp'
52:02.375  render           | Saved: 'C:\idrive -carlo\Cloud-Drive_carloboul57@gmail.com\Cloud-Drive\Full\TBM\my-live-website\assets\tbm-cinematic-v9\reveal-mobile\frame_0029.webp'
52:19.687  render           | Saved: 'C:\idrive -carlo\Cloud-Drive_carloboul57@gmail.com\Cloud-Drive\Full\TBM\my-live-website\assets\tbm-cinematic-v9\reveal-mobile\frame_0030.webp'
52:36.906  render           | Saved: 'C:\idrive -carlo\Cloud-Drive_carloboul57@gmail.com\Cloud-Drive\Full\TBM\my-live-website\assets\tbm-cinematic-v9\reveal-mobile\frame_0031.webp'
52:54.500  render           | Saved: 'C:\idrive -carlo\Cloud-Drive_carloboul57@gmail.com\Cloud-Drive\Full\TBM\my-live-website\assets\tbm-cinematic-v9\reveal-mobile\frame_0032.webp'
53:12.281  render           | Saved: 'C:\idrive -carlo\Cloud-Drive_carloboul57@gmail.com\Cloud-Drive\Full\TBM\my-live-website\assets\tbm-cinematic-v9\reveal-mobile\frame_0033.webp'
53:30.328  render           | Saved: 'C:\idrive -carlo\Cloud-Drive_carloboul57@gmail.com\Cloud-Drive\Full\TBM\my-live-website\assets\tbm-cinematic-v9\reveal-mobile\frame_0034.webp'
53:48.406  render           | Saved: 'C:\idrive -carlo\Cloud-Drive_carloboul57@gmail.com\Cloud-Drive\Full\TBM\my-live-website\assets\tbm-cinematic-v9\reveal-mobile\frame_0035.webp'
54:06.406  render           | Saved: 'C:\idrive -carlo\Cloud-Drive_carloboul57@gmail.com\Cloud-Drive\Full\TBM\my-live-website\assets\tbm-cinematic-v9\reveal-mobile\frame_0036.webp'
54:23.656  render           | Saved: 'C:\idrive -carlo\Cloud-Drive_carloboul57@gmail.com\Cloud-Drive\Full\TBM\my-live-website\assets\tbm-cinematic-v9\reveal-mobile\frame_0037.webp'
54:40.875  render           | Saved: 'C:\idrive -carlo\Cloud-Drive_carloboul57@gmail.com\Cloud-Drive\Full\TBM\my-live-website\assets\tbm-cinematic-v9\reveal-mobile\frame_0038.webp'
54:57.922  render           | Saved: 'C:\idrive -carlo\Cloud-Drive_carloboul57@gmail.com\Cloud-Drive\Full\TBM\my-live-website\assets\tbm-cinematic-v9\reveal-mobile\frame_0039.webp'
55:15.312  render           | Saved: 'C:\idrive -carlo\Cloud-Drive_carloboul57@gmail.com\Cloud-Drive\Full\TBM\my-live-website\assets\tbm-cinematic-v9\reveal-mobile\frame_0040.webp'
55:33.000  render           | Saved: 'C:\idrive -carlo\Cloud-Drive_carloboul57@gmail.com\Cloud-Drive\Full\TBM\my-live-website\assets\tbm-cinematic-v9\reveal-mobile\frame_0041.webp'
55:50.515  render           | Saved: 'C:\idrive -carlo\Cloud-Drive_carloboul57@gmail.com\Cloud-Drive\Full\TBM\my-live-website\assets\tbm-cinematic-v9\reveal-mobile\frame_0042.webp'
56:08.109  render           | Saved: 'C:\idrive -carlo\Cloud-Drive_carloboul57@gmail.com\Cloud-Drive\Full\TBM\my-live-website\assets\tbm-cinematic-v9\reveal-mobile\frame_0043.webp'
56:26.078  render           | Saved: 'C:\idrive -carlo\Cloud-Drive_carloboul57@gmail.com\Cloud-Drive\Full\TBM\my-live-website\assets\tbm-cinematic-v9\reveal-mobile\frame_0044.webp'
56:44.140  render           | Saved: 'C:\idrive -carlo\Cloud-Drive_carloboul57@gmail.com\Cloud-Drive\Full\TBM\my-live-website\assets\tbm-cinematic-v9\reveal-mobile\frame_0045.webp'
57:01.750  render           | Saved: 'C:\idrive -carlo\Cloud-Drive_carloboul57@gmail.com\Cloud-Drive\Full\TBM\my-live-website\assets\tbm-cinematic-v9\reveal-mobile\frame_0046.webp'
57:19.187  render           | Saved: 'C:\idrive -carlo\Cloud-Drive_carloboul57@gmail.com\Cloud-Drive\Full\TBM\my-live-website\assets\tbm-cinematic-v9\reveal-mobile\frame_0047.webp'
57:36.797  render           | Saved: 'C:\idrive -carlo\Cloud-Drive_carloboul57@gmail.com\Cloud-Drive\Full\TBM\my-live-website\assets\tbm-cinematic-v9\reveal-mobile\frame_0048.webp'
57:54.578  render           | Saved: 'C:\idrive -carlo\Cloud-Drive_carloboul57@gmail.com\Cloud-Drive\Full\TBM\my-live-website\assets\tbm-cinematic-v9\reveal-mobile\frame_0049.webp'
58:12.562  render           | Saved: 'C:\idrive -carlo\Cloud-Drive_carloboul57@gmail.com\Cloud-Drive\Full\TBM\my-live-website\assets\tbm-cinematic-v9\reveal-mobile\frame_0050.webp'
58:30.594  render           | Saved: 'C:\idrive -carlo\Cloud-Drive_carloboul57@gmail.com\Cloud-Drive\Full\TBM\my-live-website\assets\tbm-cinematic-v9\reveal-mobile\frame_0051.webp'
58:48.625  render           | Saved: 'C:\idrive -carlo\Cloud-Drive_carloboul57@gmail.com\Cloud-Drive\Full\TBM\my-live-website\assets\tbm-cinematic-v9\reveal-mobile\frame_0052.webp'
59:06.187  render           | Saved: 'C:\idrive -carlo\Cloud-Drive_carloboul57@gmail.com\Cloud-Drive\Full\TBM\my-live-website\assets\tbm-cinematic-v9\reveal-mobile\frame_0053.webp'
59:23.672  render           | Saved: 'C:\idrive -carlo\Cloud-Drive_carloboul57@gmail.com\Cloud-Drive\Full\TBM\my-live-website\assets\tbm-cinematic-v9\reveal-mobile\frame_0054.webp'
59:41.203  render           | Saved: 'C:\idrive -carlo\Cloud-Drive_carloboul57@gmail.com\Cloud-Drive\Full\TBM\my-live-website\assets\tbm-cinematic-v9\reveal-mobile\frame_0055.webp'
59:58.672  render           | Saved: 'C:\idrive -carlo\Cloud-Drive_carloboul57@gmail.com\Cloud-Drive\Full\TBM\my-live-website\assets\tbm-cinematic-v9\reveal-mobile\frame_0056.webp'
01:00:16.594  render           | Saved: 'C:\idrive -carlo\Cloud-Drive_carloboul57@gmail.com\Cloud-Drive\Full\TBM\my-live-website\assets\tbm-cinematic-v9\reveal-mobile\frame_0057.webp'
01:00:33.609  render           | Saved: 'C:\idrive -carlo\Cloud-Drive_carloboul57@gmail.com\Cloud-Drive\Full\TBM\my-live-website\assets\tbm-cinematic-v9\reveal-mobile\frame_0058.webp'
01:00:50.500  render           | Saved: 'C:\idrive -carlo\Cloud-Drive_carloboul57@gmail.com\Cloud-Drive\Full\TBM\my-live-website\assets\tbm-cinematic-v9\reveal-mobile\frame_0059.webp'
01:01:07.781  render           | Saved: 'C:\idrive -carlo\Cloud-Drive_carloboul57@gmail.com\Cloud-Drive\Full\TBM\my-live-website\assets\tbm-cinematic-v9\reveal-mobile\frame_0060.webp'
01:01:25.156  render           | Saved: 'C:\idrive -carlo\Cloud-Drive_carloboul57@gmail.com\Cloud-Drive\Full\TBM\my-live-website\assets\tbm-cinematic-v9\reveal-mobile\frame_0061.webp'
01:01:42.797  render           | Saved: 'C:\idrive -carlo\Cloud-Drive_carloboul57@gmail.com\Cloud-Drive\Full\TBM\my-live-website\assets\tbm-cinematic-v9\reveal-mobile\frame_0062.webp'
01:02:00.734  render           | Saved: 'C:\idrive -carlo\Cloud-Drive_carloboul57@gmail.com\Cloud-Drive\Full\TBM\my-live-website\assets\tbm-cinematic-v9\reveal-mobile\frame_0063.webp'
01:02:18.265  render           | Saved: 'C:\idrive -carlo\Cloud-Drive_carloboul57@gmail.com\Cloud-Drive\Full\TBM\my-live-website\assets\tbm-cinematic-v9\reveal-mobile\frame_0064.webp'
01:02:35.234  render           | Saved: 'C:\idrive -carlo\Cloud-Drive_carloboul57@gmail.com\Cloud-Drive\Full\TBM\my-live-website\assets\tbm-cinematic-v9\reveal-mobile\frame_0065.webp'
01:02:52.234  render           | Saved: 'C:\idrive -carlo\Cloud-Drive_carloboul57@gmail.com\Cloud-Drive\Full\TBM\my-live-website\assets\tbm-cinematic-v9\reveal-mobile\frame_0066.webp'
01:03:09.281  render           | Saved: 'C:\idrive -carlo\Cloud-Drive_carloboul57@gmail.com\Cloud-Drive\Full\TBM\my-live-website\assets\tbm-cinematic-v9\reveal-mobile\frame_0067.webp'
01:03:27.047  render           | Saved: 'C:\idrive -carlo\Cloud-Drive_carloboul57@gmail.com\Cloud-Drive\Full\TBM\my-live-website\assets\tbm-cinematic-v9\reveal-mobile\frame_0068.webp'
01:03:44.719  render           | Saved: 'C:\idrive -carlo\Cloud-Drive_carloboul57@gmail.com\Cloud-Drive\Full\TBM\my-live-website\assets\tbm-cinematic-v9\reveal-mobile\frame_0069.webp'
01:04:02.359  render           | Saved: 'C:\idrive -carlo\Cloud-Drive_carloboul57@gmail.com\Cloud-Drive\Full\TBM\my-live-website\assets\tbm-cinematic-v9\reveal-mobile\frame_0070.webp'
01:04:19.984  render           | Saved: 'C:\idrive -carlo\Cloud-Drive_carloboul57@gmail.com\Cloud-Drive\Full\TBM\my-live-website\assets\tbm-cinematic-v9\reveal-mobile\frame_0071.webp'
01:04:37.031  render           | Saved: 'C:\idrive -carlo\Cloud-Drive_carloboul57@gmail.com\Cloud-Drive\Full\TBM\my-live-website\assets\tbm-cinematic-v9\reveal-mobile\frame_0072.webp'
01:04:54.172  render           | Saved: 'C:\idrive -carlo\Cloud-Drive_carloboul57@gmail.com\Cloud-Drive\Full\TBM\my-live-website\assets\tbm-cinematic-v9\reveal-mobile\frame_0073.webp'
01:05:11.062  render           | Saved: 'C:\idrive -carlo\Cloud-Drive_carloboul57@gmail.com\Cloud-Drive\Full\TBM\my-live-website\assets\tbm-cinematic-v9\reveal-mobile\frame_0074.webp'
01:05:28.484  render           | Saved: 'C:\idrive -carlo\Cloud-Drive_carloboul57@gmail.com\Cloud-Drive\Full\TBM\my-live-website\assets\tbm-cinematic-v9\reveal-mobile\frame_0075.webp'
01:05:45.922  render           | Saved: 'C:\idrive -carlo\Cloud-Drive_carloboul57@gmail.com\Cloud-Drive\Full\TBM\my-live-website\assets\tbm-cinematic-v9\reveal-mobile\frame_0076.webp'
01:06:03.812  render           | Saved: 'C:\idrive -carlo\Cloud-Drive_carloboul57@gmail.com\Cloud-Drive\Full\TBM\my-live-website\assets\tbm-cinematic-v9\reveal-mobile\frame_0077.webp'
01:06:21.390  render           | Saved: 'C:\idrive -carlo\Cloud-Drive_carloboul57@gmail.com\Cloud-Drive\Full\TBM\my-live-website\assets\tbm-cinematic-v9\reveal-mobile\frame_0078.webp'
01:06:39.484  render           | Saved: 'C:\idrive -carlo\Cloud-Drive_carloboul57@gmail.com\Cloud-Drive\Full\TBM\my-live-website\assets\tbm-cinematic-v9\reveal-mobile\frame_0079.webp'
01:06:56.890  render           | Saved: 'C:\idrive -carlo\Cloud-Drive_carloboul57@gmail.com\Cloud-Drive\Full\TBM\my-live-website\assets\tbm-cinematic-v9\reveal-mobile\frame_0080.webp'
01:07:14.312  render           | Saved: 'C:\idrive -carlo\Cloud-Drive_carloboul57@gmail.com\Cloud-Drive\Full\TBM\my-live-website\assets\tbm-cinematic-v9\reveal-mobile\frame_0081.webp'
01:07:31.453  render           | Saved: 'C:\idrive -carlo\Cloud-Drive_carloboul57@gmail.com\Cloud-Drive\Full\TBM\my-live-website\assets\tbm-cinematic-v9\reveal-mobile\frame_0082.webp'
01:07:49.281  render           | Saved: 'C:\idrive -carlo\Cloud-Drive_carloboul57@gmail.com\Cloud-Drive\Full\TBM\my-live-website\assets\tbm-cinematic-v9\reveal-mobile\frame_0083.webp'
01:08:06.922  render           | Saved: 'C:\idrive -carlo\Cloud-Drive_carloboul57@gmail.com\Cloud-Drive\Full\TBM\my-live-website\assets\tbm-cinematic-v9\reveal-mobile\frame_0084.webp'
01:08:24.656  render           | Saved: 'C:\idrive -carlo\Cloud-Drive_carloboul57@gmail.com\Cloud-Drive\Full\TBM\my-live-website\assets\tbm-cinematic-v9\reveal-mobile\frame_0085.webp'
01:08:41.906  render           | Saved: 'C:\idrive -carlo\Cloud-Drive_carloboul57@gmail.com\Cloud-Drive\Full\TBM\my-live-website\assets\tbm-cinematic-v9\reveal-mobile\frame_0086.webp'
01:08:59.703  render           | Saved: 'C:\idrive -carlo\Cloud-Drive_carloboul57@gmail.com\Cloud-Drive\Full\TBM\my-live-website\assets\tbm-cinematic-v9\reveal-mobile\frame_0087.webp'
01:09:17.219  render           | Saved: 'C:\idrive -carlo\Cloud-Drive_carloboul57@gmail.com\Cloud-Drive\Full\TBM\my-live-website\assets\tbm-cinematic-v9\reveal-mobile\frame_0088.webp'
01:09:34.203  render           | Saved: 'C:\idrive -carlo\Cloud-Drive_carloboul57@gmail.com\Cloud-Drive\Full\TBM\my-live-website\assets\tbm-cinematic-v9\reveal-mobile\frame_0089.webp'
01:09:51.172  render           | Saved: 'C:\idrive -carlo\Cloud-Drive_carloboul57@gmail.com\Cloud-Drive\Full\TBM\my-live-website\assets\tbm-cinematic-v9\reveal-mobile\frame_0090.webp'
01:10:08.172  render           | Saved: 'C:\idrive -carlo\Cloud-Drive_carloboul57@gmail.com\Cloud-Drive\Full\TBM\my-live-website\assets\tbm-cinematic-v9\reveal-mobile\frame_0091.webp'
01:10:25.375  render           | Saved: 'C:\idrive -carlo\Cloud-Drive_carloboul57@gmail.com\Cloud-Drive\Full\TBM\my-live-website\assets\tbm-cinematic-v9\reveal-mobile\frame_0092.webp'
01:10:42.828  render           | Saved: 'C:\idrive -carlo\Cloud-Drive_carloboul57@gmail.com\Cloud-Drive\Full\TBM\my-live-website\assets\tbm-cinematic-v9\reveal-mobile\frame_0093.webp'
01:11:00.297  render           | Saved: 'C:\idrive -carlo\Cloud-Drive_carloboul57@gmail.com\Cloud-Drive\Full\TBM\my-live-website\assets\tbm-cinematic-v9\reveal-mobile\frame_0094.webp'
01:11:17.140  render           | Saved: 'C:\idrive -carlo\Cloud-Drive_carloboul57@gmail.com\Cloud-Drive\Full\TBM\my-live-website\assets\tbm-cinematic-v9\reveal-mobile\frame_0095.webp'
01:11:33.890  render           | Saved: 'C:\idrive -carlo\Cloud-Drive_carloboul57@gmail.com\Cloud-Drive\Full\TBM\my-live-website\assets\tbm-cinematic-v9\reveal-mobile\frame_0096.webp'
01:11:50.984  render           | Saved: 'C:\idrive -carlo\Cloud-Drive_carloboul57@gmail.com\Cloud-Drive\Full\TBM\my-live-website\assets\tbm-cinematic-v9\reveal-mobile\frame_0097.webp'
01:12:08.109  render           | Saved: 'C:\idrive -carlo\Cloud-Drive_carloboul57@gmail.com\Cloud-Drive\Full\TBM\my-live-website\assets\tbm-cinematic-v9\reveal-mobile\frame_0098.webp'
01:12:26.359  render           | Saved: 'C:\idrive -carlo\Cloud-Drive_carloboul57@gmail.com\Cloud-Drive\Full\TBM\my-live-website\assets\tbm-cinematic-v9\reveal-mobile\frame_0099.webp'
01:12:43.937  render           | Saved: 'C:\idrive -carlo\Cloud-Drive_carloboul57@gmail.com\Cloud-Drive\Full\TBM\my-live-website\assets\tbm-cinematic-v9\reveal-mobile\frame_0100.webp'
01:13:00.937  render           | Saved: 'C:\idrive -carlo\Cloud-Drive_carloboul57@gmail.com\Cloud-Drive\Full\TBM\my-live-website\assets\tbm-cinematic-v9\reveal-mobile\frame_0101.webp'
01:13:17.937  render           | Saved: 'C:\idrive -carlo\Cloud-Drive_carloboul57@gmail.com\Cloud-Drive\Full\TBM\my-live-website\assets\tbm-cinematic-v9\reveal-mobile\frame_0102.webp'
01:13:35.125  render           | Saved: 'C:\idrive -carlo\Cloud-Drive_carloboul57@gmail.com\Cloud-Drive\Full\TBM\my-live-website\assets\tbm-cinematic-v9\reveal-mobile\frame_0103.webp'
01:13:52.250  render           | Saved: 'C:\idrive -carlo\Cloud-Drive_carloboul57@gmail.com\Cloud-Drive\Full\TBM\my-live-website\assets\tbm-cinematic-v9\reveal-mobile\frame_0104.webp'
01:14:09.984  render           | Saved: 'C:\idrive -carlo\Cloud-Drive_carloboul57@gmail.com\Cloud-Drive\Full\TBM\my-live-website\assets\tbm-cinematic-v9\reveal-mobile\frame_0105.webp'
01:14:27.344  render           | Saved: 'C:\idrive -carlo\Cloud-Drive_carloboul57@gmail.com\Cloud-Drive\Full\TBM\my-live-website\assets\tbm-cinematic-v9\reveal-mobile\frame_0106.webp'
01:14:44.515  render           | Saved: 'C:\idrive -carlo\Cloud-Drive_carloboul57@gmail.com\Cloud-Drive\Full\TBM\my-live-website\assets\tbm-cinematic-v9\reveal-mobile\frame_0107.webp'
01:15:01.437  render           | Saved: 'C:\idrive -carlo\Cloud-Drive_carloboul57@gmail.com\Cloud-Drive\Full\TBM\my-live-website\assets\tbm-cinematic-v9\reveal-mobile\frame_0108.webp'
01:15:18.469  render           | Saved: 'C:\idrive -carlo\Cloud-Drive_carloboul57@gmail.com\Cloud-Drive\Full\TBM\my-live-website\assets\tbm-cinematic-v9\reveal-mobile\frame_0109.webp'
01:15:35.219  render           | Saved: 'C:\idrive -carlo\Cloud-Drive_carloboul57@gmail.com\Cloud-Drive\Full\TBM\my-live-website\assets\tbm-cinematic-v9\reveal-mobile\frame_0110.webp'
01:15:51.890  render           | Saved: 'C:\idrive -carlo\Cloud-Drive_carloboul57@gmail.com\Cloud-Drive\Full\TBM\my-live-website\assets\tbm-cinematic-v9\reveal-mobile\frame_0111.webp'
01:16:08.812  render           | Saved: 'C:\idrive -carlo\Cloud-Drive_carloboul57@gmail.com\Cloud-Drive\Full\TBM\my-live-website\assets\tbm-cinematic-v9\reveal-mobile\frame_0112.webp'
01:16:26.000  render           | Saved: 'C:\idrive -carlo\Cloud-Drive_carloboul57@gmail.com\Cloud-Drive\Full\TBM\my-live-website\assets\tbm-cinematic-v9\reveal-mobile\frame_0113.webp'
01:16:42.672  render           | Saved: 'C:\idrive -carlo\Cloud-Drive_carloboul57@gmail.com\Cloud-Drive\Full\TBM\my-live-website\assets\tbm-cinematic-v9\reveal-mobile\frame_0114.webp'
01:16:59.734  render           | Saved: 'C:\idrive -carlo\Cloud-Drive_carloboul57@gmail.com\Cloud-Drive\Full\TBM\my-live-website\assets\tbm-cinematic-v9\reveal-mobile\frame_0115.webp'
01:17:16.469  render           | Saved: 'C:\idrive -carlo\Cloud-Drive_carloboul57@gmail.com\Cloud-Drive\Full\TBM\my-live-website\assets\tbm-cinematic-v9\reveal-mobile\frame_0116.webp'
01:17:33.312  render           | Saved: 'C:\idrive -carlo\Cloud-Drive_carloboul57@gmail.com\Cloud-Drive\Full\TBM\my-live-website\assets\tbm-cinematic-v9\reveal-mobile\frame_0117.webp'
01:17:50.594  render           | Saved: 'C:\idrive -carlo\Cloud-Drive_carloboul57@gmail.com\Cloud-Drive\Full\TBM\my-live-website\assets\tbm-cinematic-v9\reveal-mobile\frame_0118.webp'
01:18:07.328  render           | Saved: 'C:\idrive -carlo\Cloud-Drive_carloboul57@gmail.com\Cloud-Drive\Full\TBM\my-live-website\assets\tbm-cinematic-v9\reveal-mobile\frame_0119.webp'
01:18:24.187  render           | Saved: 'C:\idrive -carlo\Cloud-Drive_carloboul57@gmail.com\Cloud-Drive\Full\TBM\my-live-website\assets\tbm-cinematic-v9\reveal-mobile\frame_0120.webp'
Info: Saved as "TBM_REFERENCE_MATCH_V9.blend"
Blender 5.2.0 LTS (hash fbe6228777e7 built 2026-07-14 01:35:40)

Blender quit
