00:02.875  cycles           | WARNING HIPEW initialization failed: Error opening HIP dynamic library
C:\idrive -carlo\Cloud-Drive_carloboul57@gmail.com\Cloud-Drive\Full\TBM\my-live-website\blender\reference-match\scripts\build_reference_match.py:284: DeprecationWarning: 'World.use_nodes' is expected to be removed in Blender 6.0
  scene.world.use_nodes = True
C:\idrive -carlo\Cloud-Drive_carloboul57@gmail.com\Cloud-Drive\Full\TBM\my-live-website\blender\reference-match\scripts\build_reference_match.py:82: DeprecationWarning: 'Material.use_nodes' is expected to be removed in Blender 6.0
  material.use_nodes = True
C:\idrive -carlo\Cloud-Drive_carloboul57@gmail.com\Cloud-Drive\Full\TBM\my-live-website\blender\reference-match\scripts\build_reference_match.py:127: DeprecationWarning: 'Material.use_nodes' is expected to be removed in Blender 6.0
  material.use_nodes = True
C:\idrive -carlo\Cloud-Drive_carloboul57@gmail.com\Cloud-Drive\Full\TBM\my-live-website\blender\reference-match\scripts\build_reference_match.py:140: DeprecationWarning: 'Material.use_nodes' is expected to be removed in Blender 6.0
  material.use_nodes = True
C:\idrive -carlo\Cloud-Drive_carloboul57@gmail.com\Cloud-Drive\Full\TBM\my-live-website\blender\reference-match\scripts\build_reference_match.py:467: DeprecationWarning: 'Material.use_nodes' is expected to be removed in Blender 6.0
  backdrop_material.use_nodes = True
C:\idrive -carlo\Cloud-Drive_carloboul57@gmail.com\Cloud-Drive\Full\TBM\my-live-website\blender\reference-match\scripts\build_reference_match.py:299: DeprecationWarning: 'Material.use_nodes' is expected to be removed in Blender 6.0
  material.use_nodes = True
00:09.657  render           | Saved: 'C:\idrive -carlo\Cloud-Drive_carloboul57@gmail.com\Cloud-Drive\Full\TBM\my-live-website\assets\tbm-cinematic-v6\product-focus\beauty.webp'
00:13.953  render           | Saved: 'C:\idrive -carlo\Cloud-Drive_carloboul57@gmail.com\Cloud-Drive\Full\TBM\my-live-website\assets\tbm-cinematic-v6\product-focus\home-kitchen.webp'
00:17.985  render           | Saved: 'C:\idrive -carlo\Cloud-Drive_carloboul57@gmail.com\Cloud-Drive\Full\TBM\my-live-website\assets\tbm-cinematic-v6\product-focus\toys-games.webp'
00:22.297  render           | Saved: 'C:\idrive -carlo\Cloud-Drive_carloboul57@gmail.com\Cloud-Drive\Full\TBM\my-live-website\assets\tbm-cinematic-v6\product-focus\electronics.webp'
00:26.516  render           | Saved: 'C:\idrive -carlo\Cloud-Drive_carloboul57@gmail.com\Cloud-Drive\Full\TBM\my-live-website\assets\tbm-cinematic-v6\product-focus\general-merchandise.webp'
Info: Saved as "TBM_REFERENCE_MATCH_MASTER.blend"
Blender 5.2.0 LTS (hash fbe6228777e7 built 2026-07-14 01:35:40)

Blender quit
