00:03.422  cycles           | WARNING HIPEW initialization failed: Error opening HIP dynamic library
00:13.125  render           | Saved: 'C:\idrive -carlo\Cloud-Drive_carloboul57@gmail.com\Cloud-Drive\Full\TBM\my-live-website\assets\tbm-cinematic-v6\reveal-desktop\frame_0001.webp'
00:20.438  render           | Saved: 'C:\idrive -carlo\Cloud-Drive_carloboul57@gmail.com\Cloud-Drive\Full\TBM\my-live-website\assets\tbm-cinematic-v6\reveal-desktop\frame_0002.webp'
00:27.688  render           | Saved: 'C:\idrive -carlo\Cloud-Drive_carloboul57@gmail.com\Cloud-Drive\Full\TBM\my-live-website\assets\tbm-cinematic-v6\reveal-desktop\frame_0003.webp'
00:34.828  render           | Saved: 'C:\idrive -carlo\Cloud-Drive_carloboul57@gmail.com\Cloud-Drive\Full\TBM\my-live-website\assets\tbm-cinematic-v6\reveal-desktop\frame_0004.webp'
00:41.891  render           | Saved: 'C:\idrive -carlo\Cloud-Drive_carloboul57@gmail.com\Cloud-Drive\Full\TBM\my-live-website\assets\tbm-cinematic-v6\reveal-desktop\frame_0005.webp'
00:49.063  render           | Saved: 'C:\idrive -carlo\Cloud-Drive_carloboul57@gmail.com\Cloud-Drive\Full\TBM\my-live-website\assets\tbm-cinematic-v6\reveal-desktop\frame_0006.webp'
00:56.453  render           | Saved: 'C:\idrive -carlo\Cloud-Drive_carloboul57@gmail.com\Cloud-Drive\Full\TBM\my-live-website\assets\tbm-cinematic-v6\reveal-desktop\frame_0007.webp'
01:03.750  render           | Saved: 'C:\idrive -carlo\Cloud-Drive_carloboul57@gmail.com\Cloud-Drive\Full\TBM\my-live-website\assets\tbm-cinematic-v6\reveal-desktop\frame_0008.webp'
01:11.141  render           | Saved: 'C:\idrive -carlo\Cloud-Drive_carloboul57@gmail.com\Cloud-Drive\Full\TBM\my-live-website\assets\tbm-cinematic-v6\reveal-desktop\frame_0009.webp'
01:18.532  render           | Saved: 'C:\idrive -carlo\Cloud-Drive_carloboul57@gmail.com\Cloud-Drive\Full\TBM\my-live-website\assets\tbm-cinematic-v6\reveal-desktop\frame_0010.webp'
01:25.938  render           | Saved: 'C:\idrive -carlo\Cloud-Drive_carloboul57@gmail.com\Cloud-Drive\Full\TBM\my-live-website\assets\tbm-cinematic-v6\reveal-desktop\frame_0011.webp'
01:33.750  render           | Saved: 'C:\idrive -carlo\Cloud-Drive_carloboul57@gmail.com\Cloud-Drive\Full\TBM\my-live-website\assets\tbm-cinematic-v6\reveal-desktop\frame_0012.webp'
01:41.125  render           | Saved: 'C:\idrive -carlo\Cloud-Drive_carloboul57@gmail.com\Cloud-Drive\Full\TBM\my-live-website\assets\tbm-cinematic-v6\reveal-desktop\frame_0013.webp'
01:48.453  render           | Saved: 'C:\idrive -carlo\Cloud-Drive_carloboul57@gmail.com\Cloud-Drive\Full\TBM\my-live-website\assets\tbm-cinematic-v6\reveal-desktop\frame_0014.webp'
01:55.922  render           | Saved: 'C:\idrive -carlo\Cloud-Drive_carloboul57@gmail.com\Cloud-Drive\Full\TBM\my-live-website\assets\tbm-cinematic-v6\reveal-desktop\frame_0015.webp'
02:03.219  render           | Saved: 'C:\idrive -carlo\Cloud-Drive_carloboul57@gmail.com\Cloud-Drive\Full\TBM\my-live-website\assets\tbm-cinematic-v6\reveal-desktop\frame_0016.webp'
02:10.563  render           | Saved: 'C:\idrive -carlo\Cloud-Drive_carloboul57@gmail.com\Cloud-Drive\Full\TBM\my-live-website\assets\tbm-cinematic-v6\reveal-desktop\frame_0017.webp'
02:17.750  render           | Saved: 'C:\idrive -carlo\Cloud-Drive_carloboul57@gmail.com\Cloud-Drive\Full\TBM\my-live-website\assets\tbm-cinematic-v6\reveal-desktop\frame_0018.webp'
02:24.953  render           | Saved: 'C:\idrive -carlo\Cloud-Drive_carloboul57@gmail.com\Cloud-Drive\Full\TBM\my-live-website\assets\tbm-cinematic-v6\reveal-desktop\frame_0019.webp'
02:32.016  render           | Saved: 'C:\idrive -carlo\Cloud-Drive_carloboul57@gmail.com\Cloud-Drive\Full\TBM\my-live-website\assets\tbm-cinematic-v6\reveal-desktop\frame_0020.webp'
02:38.953  render           | Saved: 'C:\idrive -carlo\Cloud-Drive_carloboul57@gmail.com\Cloud-Drive\Full\TBM\my-live-website\assets\tbm-cinematic-v6\reveal-desktop\frame_0021.webp'
02:46.594  render           | Saved: 'C:\idrive -carlo\Cloud-Drive_carloboul57@gmail.com\Cloud-Drive\Full\TBM\my-live-website\assets\tbm-cinematic-v6\reveal-desktop\frame_0022.webp'
02:53.907  render           | Saved: 'C:\idrive -carlo\Cloud-Drive_carloboul57@gmail.com\Cloud-Drive\Full\TBM\my-live-website\assets\tbm-cinematic-v6\reveal-desktop\frame_0023.webp'
03:01.000  render           | Saved: 'C:\idrive -carlo\Cloud-Drive_carloboul57@gmail.com\Cloud-Drive\Full\TBM\my-live-website\assets\tbm-cinematic-v6\reveal-desktop\frame_0024.webp'
03:08.500  render           | Saved: 'C:\idrive -carlo\Cloud-Drive_carloboul57@gmail.com\Cloud-Drive\Full\TBM\my-live-website\assets\tbm-cinematic-v6\reveal-mobile\frame_0001.webp'
03:16.297  render           | Saved: 'C:\idrive -carlo\Cloud-Drive_carloboul57@gmail.com\Cloud-Drive\Full\TBM\my-live-website\assets\tbm-cinematic-v6\reveal-mobile\frame_0002.webp'
03:24.047  render           | Saved: 'C:\idrive -carlo\Cloud-Drive_carloboul57@gmail.com\Cloud-Drive\Full\TBM\my-live-website\assets\tbm-cinematic-v6\reveal-mobile\frame_0003.webp'
03:31.703  render           | Saved: 'C:\idrive -carlo\Cloud-Drive_carloboul57@gmail.com\Cloud-Drive\Full\TBM\my-live-website\assets\tbm-cinematic-v6\reveal-mobile\frame_0004.webp'
03:39.157  render           | Saved: 'C:\idrive -carlo\Cloud-Drive_carloboul57@gmail.com\Cloud-Drive\Full\TBM\my-live-website\assets\tbm-cinematic-v6\reveal-mobile\frame_0005.webp'
03:46.953  render           | Saved: 'C:\idrive -carlo\Cloud-Drive_carloboul57@gmail.com\Cloud-Drive\Full\TBM\my-live-website\assets\tbm-cinematic-v6\reveal-mobile\frame_0006.webp'
03:54.203  render           | Saved: 'C:\idrive -carlo\Cloud-Drive_carloboul57@gmail.com\Cloud-Drive\Full\TBM\my-live-website\assets\tbm-cinematic-v6\reveal-mobile\frame_0007.webp'
04:01.797  render           | Saved: 'C:\idrive -carlo\Cloud-Drive_carloboul57@gmail.com\Cloud-Drive\Full\TBM\my-live-website\assets\tbm-cinematic-v6\reveal-mobile\frame_0008.webp'
04:09.266  render           | Saved: 'C:\idrive -carlo\Cloud-Drive_carloboul57@gmail.com\Cloud-Drive\Full\TBM\my-live-website\assets\tbm-cinematic-v6\reveal-mobile\frame_0009.webp'
04:17.000  render           | Saved: 'C:\idrive -carlo\Cloud-Drive_carloboul57@gmail.com\Cloud-Drive\Full\TBM\my-live-website\assets\tbm-cinematic-v6\reveal-mobile\frame_0010.webp'
04:24.485  render           | Saved: 'C:\idrive -carlo\Cloud-Drive_carloboul57@gmail.com\Cloud-Drive\Full\TBM\my-live-website\assets\tbm-cinematic-v6\reveal-mobile\frame_0011.webp'
04:32.188  render           | Saved: 'C:\idrive -carlo\Cloud-Drive_carloboul57@gmail.com\Cloud-Drive\Full\TBM\my-live-website\assets\tbm-cinematic-v6\reveal-mobile\frame_0012.webp'
04:39.625  render           | Saved: 'C:\idrive -carlo\Cloud-Drive_carloboul57@gmail.com\Cloud-Drive\Full\TBM\my-live-website\assets\tbm-cinematic-v6\reveal-mobile\frame_0013.webp'
04:46.969  render           | Saved: 'C:\idrive -carlo\Cloud-Drive_carloboul57@gmail.com\Cloud-Drive\Full\TBM\my-live-website\assets\tbm-cinematic-v6\reveal-mobile\frame_0014.webp'
04:54.016  render           | Saved: 'C:\idrive -carlo\Cloud-Drive_carloboul57@gmail.com\Cloud-Drive\Full\TBM\my-live-website\assets\tbm-cinematic-v6\reveal-mobile\frame_0015.webp'
05:03.157  render           | Saved: 'C:\idrive -carlo\Cloud-Drive_carloboul57@gmail.com\Cloud-Drive\Full\TBM\my-live-website\assets\tbm-cinematic-v6\reveal-mobile\frame_0016.webp'
05:11.188  render           | Saved: 'C:\idrive -carlo\Cloud-Drive_carloboul57@gmail.com\Cloud-Drive\Full\TBM\my-live-website\assets\tbm-cinematic-v6\reveal-mobile\frame_0017.webp'
05:19.672  render           | Saved: 'C:\idrive -carlo\Cloud-Drive_carloboul57@gmail.com\Cloud-Drive\Full\TBM\my-live-website\assets\tbm-cinematic-v6\reveal-mobile\frame_0018.webp'
05:28.000  render           | Saved: 'C:\idrive -carlo\Cloud-Drive_carloboul57@gmail.com\Cloud-Drive\Full\TBM\my-live-website\assets\tbm-cinematic-v6\reveal-mobile\frame_0019.webp'
05:36.891  render           | Saved: 'C:\idrive -carlo\Cloud-Drive_carloboul57@gmail.com\Cloud-Drive\Full\TBM\my-live-website\assets\tbm-cinematic-v6\reveal-mobile\frame_0020.webp'
05:44.922  render           | Saved: 'C:\idrive -carlo\Cloud-Drive_carloboul57@gmail.com\Cloud-Drive\Full\TBM\my-live-website\assets\tbm-cinematic-v6\reveal-mobile\frame_0021.webp'
05:53.344  render           | Saved: 'C:\idrive -carlo\Cloud-Drive_carloboul57@gmail.com\Cloud-Drive\Full\TBM\my-live-website\assets\tbm-cinematic-v6\reveal-mobile\frame_0022.webp'
06:01.969  render           | Saved: 'C:\idrive -carlo\Cloud-Drive_carloboul57@gmail.com\Cloud-Drive\Full\TBM\my-live-website\assets\tbm-cinematic-v6\reveal-mobile\frame_0023.webp'
06:10.360  render           | Saved: 'C:\idrive -carlo\Cloud-Drive_carloboul57@gmail.com\Cloud-Drive\Full\TBM\my-live-website\assets\tbm-cinematic-v6\reveal-mobile\frame_0024.webp'
Info: Saved as "TBM_REFERENCE_MATCH_MASTER.blend"
Blender 5.2.0 LTS (hash fbe6228777e7 built 2026-07-14 01:35:40)

Blender quit
